{"key": 1061, "type": "Caesar", "encrypt": "False"}