{"key": "YsgCiI9r[l`rPW", "type": "Vigenere", "encrypt": "True"}