{"key": "d?dc'n(%lFhq`n", "type": "Vigenere", "encrypt": "True"}