{"key": 1864, "type": "Caesar", "encrypt": "False"}