{"key": "Jaft!", "type": "Vigenere", "encrypt": "True"}