{"key": "]?_J`r", "type": "Vigenere", "encrypt": "False"}