{"key": "Y0|,J~`'}C", "type": "Vigenere", "encrypt": "False"}