{"key": 161, "type": "Caesar", "encrypt": "False"}