{"key": ",3-KyQ", "type": "Vigenere", "encrypt": "False"}