{"key": 1479, "type": "Caesar", "encrypt": "True"}