{"key": "yfUcb$fT;vGAIO^5yU<}", "type": "Vigenere", "encrypt": "True"}