{"key": "ZO*?y", "type": "Vigenere", "encrypt": "True"}