{"key": 1067, "type": "Caesar", "encrypt": "True"}