{"key": 7663, "type": "Caesar", "encrypt": "False"}