{"key": "]F5).Aq", "type": "Vigenere", "encrypt": "True"}