{"key": "4MKc#-V=e,", "type": "Vigenere", "encrypt": "True"}