{"key": 6485, "type": "Caesar", "encrypt": "True"}