{"key": "llbnK6+?Gbhp\"a)4", "type": "Vigenere", "encrypt": "False"}