{"key": -332, "type": "Caesar", "encrypt": "False"}