{"key": 5459, "type": "Caesar", "encrypt": "True"}