{"key": "WQbjNYYF(p;4Z+tIt3Q", "type": "Vigenere", "encrypt": "False"}