{"key": 185, "type": "Caesar", "encrypt": "False"}