{"key": 4026, "type": "Caesar", "encrypt": "False"}