{"key": 7371, "type": "Caesar", "encrypt": "True"}