{"key": 8710, "type": "Caesar", "encrypt": "False"}