{"key": "_c||_pd7+%CI/=Se8LR", "type": "Vigenere", "encrypt": "False"}