{"key": ".B'EXwa", "type": "Vigenere", "encrypt": "False"}