{"key": "m%fT9\\]ZylgI.", "type": "Vigenere", "encrypt": "True"}