{"key": "`-V>8@71oCc?", "type": "Vigenere", "encrypt": "False"}