{"key": 5709, "type": "Caesar", "encrypt": "False"}