{"key": 5860, "type": "Caesar", "encrypt": "True"}