{"key": [50, 49], "type": "Vigenere", "encrypt": "True"}