{"key": "ER2", "type": "Vigenere", "encrypt": "True"}