{"key": 8074, "type": "Caesar", "encrypt": "True"}