{"key": ">'thIfCg*M>{W", "type": "Vigenere", "encrypt": "True"}