{"key": 6691, "type": "Caesar", "encrypt": "True"}