{"key": 6924, "type": "Caesar", "encrypt": "False"}