{"key": "t%]PlRkZMUoYYCC", "type": "Vigenere", "encrypt": "True"}