{"key": 6718, "type": "Caesar", "encrypt": "True"}