{"key": "ieN", "type": "Vigenere", "encrypt": "False"}