{"key": "VLgu1NC*7E^Arc", "type": "Vigenere", "encrypt": "False"}