{"key": "}s@Aqba/h(m/`y.90", "type": "Vigenere", "encrypt": "True"}