{"key": 3388, "type": "Caesar", "encrypt": "True"}