{"key": 2808, "type": "Caesar", "encrypt": "True"}