{"key": 2518, "type": "Caesar", "encrypt": "True"}