{"key": 7327, "type": "Caesar", "encrypt": "True"}