{"key": [45, 30, 35, -23, 93, 22, -25], "type": "Vigenere", "encrypt": "False"}