{"key": 917, "type": "Caesar", "encrypt": "False"}