{"key": "1HTP%[oX*", "type": "Vigenere", "encrypt": "False"}