{"key": "@AjH1%}K<nKqqLthK\\", "type": "Vigenere", "encrypt": "True"}